<html>
<body>
<pre>
<h1>礦ision Build Log</h1>
<h2>Project:</h2>
F:\新建文件夹\new dll\SimpleModbusUI\csc-a v2.8\csc-a.uvproj
Project File Date:  09/02/2019

<h2>Output:</h2>
Build target 'DebugInRAM'
Clean started - Project: 'csc-a'
   deleting intermediate output files for target 'DebugInRAM'
compiling core_cm3.c...
assembling startup_LPC17xx.s...
compiling system_LPC17xx.c...
compiling main.c...
compiling uart.c...
compiling watchdog.c...
compiling IO.c...
USER_CODE\IO.c(224): warning:  #177-D: variable "cnt" was declared but never referenced
        static int8 cnt[4] = {0};
USER_CODE\IO.c(225): warning:  #177-D: variable "flag" was declared but never referenced
        uint8 flag;
USER_CODE\IO.c: 2 warnings, 0 errors
compiling modbus.c...
compiling task_modbus.c...
compiling task_setup.c...
linking...
Program Size: Code=9906 RO-data=1014 RW-data=196 ZI-data=13500  
".\Out\DebugInRAM\CZC.axf" - 0 Error(s), 2 Warning(s).

*** Performing Cross-Module-Optimization:
compiling core_cm3.c...
compiling main.c...
compiling uart.c...
compiling modbus.c...
compiling task_modbus.c...
compiling task_setup.c...
linking...
Program Size: Code=9906 RO-data=1014 RW-data=196 ZI-data=13500  
FromELF: creating hex file...
".\Out\DebugInRAM\CZC.axf" - 0 Error(s), 0 Warning(s).
*** Completed Cross-Module-Optimization after 2 iteration(s).
</pre>
</body>
</html>
